// Jest Snapshot v1, https://goo.gl/fbAQLP

exports[`Gatsby Plugin Sitemap works 1`] = `
Array [
  Object {
    "changefreq": "daily",
    "lastmod": undefined,
    "links": Array [
      Object {
        "lang": "en",
        "url": "/some-page/",
      },
      Object {
        "lang": "de",
        "url": "/de/some-page/",
      },
    ],
    "priority": 0.8,
    "url": "/some-page/",
  },
  Object {
    "changefreq": "daily",
    "lastmod": undefined,
    "links": Array [
      Object {
        "lang": "en",
        "url": "/some-page/",
      },
      Object {
        "lang": "de",
        "url": "/de/some-page/",
      },
    ],
    "priority": 0.8,
    "url": "/de/some-page/",
  },
  Object {
    "changefreq": "daily",
    "lastmod": undefined,
    "links": Array [
      Object {
        "lang": "de",
        "url": "/de/only-german/",
      },
    ],
    "priority": 0.8,
    "url": "/de/only-german/",
  },
  Object {
    "changefreq": "daily",
    "lastmod": undefined,
    "links": Array [
      Object {
        "lang": "en",
        "url": "/only-default/",
      },
    ],
    "priority": 0.8,
    "url": "/only-default/",
  },
]
`;
